pyxis: importing docker image: pytorch/pytorch:latest
pyxis: imported docker image: pytorch/pytorch:latest
/opt/conda/lib/python3.10/site-packages/torch/cuda/__init__.py:141: UserWarning: CUDA initialization: Unexpected error from cudaGetDeviceCount(). Did you run some cuda functions before calling NumCudaDevices() that might have already set an error? Error 805: MPS client failed to connect to the MPS control daemon or the MPS server (Triggered internally at /opt/conda/conda-bld/pytorch_1708025847130/work/c10/cuda/CUDAFunctions.cpp:108.)
  return torch._C._cuda_getDeviceCount() > 0
Traceback (most recent call last):
  File "/workspace/CycleGAN/train.py", line 33, in <module>
    dataset = create_dataset(opt)  # create a dataset given opt.dataset_mode and other options
  File "/workspace/CycleGAN/data/__init__.py", line 60, in create_dataset
    data_loader = CustomDatasetDataLoader(opt)
  File "/workspace/CycleGAN/data/__init__.py", line 82, in __init__
    self.sampler = DistributedSampler(self.dataset, shuffle=not opt.serial_batches)
  File "/opt/conda/lib/python3.10/site-packages/torch/utils/data/distributed.py", line 68, in __init__
    num_replicas = dist.get_world_size()
  File "/opt/conda/lib/python3.10/site-packages/torch/distributed/distributed_c10d.py", line 1555, in get_world_size
    return _get_group_size(group)
  File "/opt/conda/lib/python3.10/site-packages/torch/distributed/distributed_c10d.py", line 836, in _get_group_size
    default_pg = _get_default_group()
  File "/opt/conda/lib/python3.10/site-packages/torch/distributed/distributed_c10d.py", line 977, in _get_default_group
    raise ValueError(
ValueError: Default process group has not been initialized, please make sure to call init_process_group.
srun: error: deep-thought: task 0: Exited with exit code 1
